<?xml version="1.0" encoding="UTF-8"?>
<testsuites name="jest tests" tests="9" failures="0" errors="0" time="2.718">
  <testsuite name="pagination" errors="0" failures="0" skipped="0" timestamp="2021-11-04T12:22:37" time="1.092" tests="2">
    <testcase classname="pagination render" name="pagination render" time="0.019">
    </testcase>
    <testcase classname="pagination props pagination" name="pagination props pagination" time="0.035">
    </testcase>
  </testsuite>
  <testsuite name="Table" errors="0" failures="0" skipped="0" timestamp="2021-11-04T12:22:37" time="1.599" tests="7">
    <testcase classname="Table render" name="Table render" time="0.018">
    </testcase>
    <testcase classname="Table props emptyText" name="Table props emptyText" time="0.016">
    </testcase>
    <testcase classname="Table props startIndex" name="Table props startIndex" time="0.086">
    </testcase>
    <testcase classname="Table props tbody tr" name="Table props tbody tr" time="0.068">
    </testcase>
    <testcase classname="Table props showHeader" name="Table props showHeader" time="0.068">
    </testcase>
    <testcase classname="Table props sort" name="Table props sort" time="0.143">
    </testcase>
    <testcase classname="Table props sort" name="Table props sort" time="0.026">
    </testcase>
  </testsuite>
</testsuites>